SRID=4326;POINTM(0 1 3)
SRID=4326;POINTM(9 -1 -123)
SRID=4326;POINTM(9 -1 -3)
