[NO_PID]: ECPGdebug: set to 1
[NO_PID]: sqlca: code: 0, state: 00000
[NO_PID]: ECPGconnect: opening database connectdb on <DEFAULT> port <DEFAULT>  
[NO_PID]: sqlca: code: 0, state: 00000
[NO_PID]: ecpg_execute on line 24: query: alter user connectuser encrypted password 'connectpw'; with 0 parameter(s) on connection main
[NO_PID]: sqlca: code: 0, state: 00000
[NO_PID]: ecpg_execute on line 24: using PQexec
[NO_PID]: sqlca: code: 0, state: 00000
[NO_PID]: ecpg_process_output on line 24: OK: ALTER ROLE
[NO_PID]: sqlca: code: 0, state: 00000
[NO_PID]: ecpg_finish: connection main closed
[NO_PID]: sqlca: code: 0, state: 00000
[NO_PID]: ECPGconnect: opening database connectdb on <DEFAULT> port <DEFAULT>  
[NO_PID]: sqlca: code: 0, state: 00000
[NO_PID]: ecpg_finish: connection main closed
[NO_PID]: sqlca: code: 0, state: 00000
[NO_PID]: ECPGconnect: opening database connectdb on <DEFAULT> port <DEFAULT>  
[NO_PID]: sqlca: code: 0, state: 00000
[NO_PID]: ecpg_finish: connection main closed
[NO_PID]: sqlca: code: 0, state: 00000
[NO_PID]: ECPGconnect: opening database connectdb on <DEFAULT> port <DEFAULT>  
[NO_PID]: sqlca: code: 0, state: 00000
[NO_PID]: ecpg_finish: connection main closed
[NO_PID]: sqlca: code: 0, state: 00000
[NO_PID]: ECPGconnect: opening database connectdb on <DEFAULT> port <DEFAULT>  
[NO_PID]: sqlca: code: 0, state: 00000
[NO_PID]: ecpg_finish: connection main closed
[NO_PID]: sqlca: code: 0, state: 00000
[NO_PID]: ECPGconnect: opening database <DEFAULT> on <DEFAULT> port <DEFAULT>  for user connectdb
[NO_PID]: sqlca: code: 0, state: 00000
[NO_PID]: ecpg_finish: connection main closed
[NO_PID]: sqlca: code: 0, state: 00000
[NO_PID]: ECPGconnect: opening database connectdb on <DEFAULT> port <DEFAULT>  for user connectuser
[NO_PID]: sqlca: code: 0, state: 00000
[NO_PID]: ecpg_finish: connection main closed
[NO_PID]: sqlca: code: 0, state: 00000
[NO_PID]: ECPGconnect: opening database connectdb on <DEFAULT> port <DEFAULT>  for user connectuser
[NO_PID]: sqlca: code: 0, state: 00000
[NO_PID]: ecpg_finish: connection main closed
[NO_PID]: sqlca: code: 0, state: 00000
[NO_PID]: ECPGconnect: opening database connectdb on <DEFAULT> port <DEFAULT>  for user connectuser
[NO_PID]: sqlca: code: 0, state: 00000
[NO_PID]: ecpg_finish: connection main closed
[NO_PID]: sqlca: code: 0, state: 00000
[NO_PID]: ECPGconnect: opening database connectdb on <DEFAULT> port <DEFAULT>  for user connectuser
[NO_PID]: sqlca: code: 0, state: 00000
[NO_PID]: ecpg_finish: connection main closed
[NO_PID]: sqlca: code: 0, state: 00000
[NO_PID]: ECPGconnect: opening database connectdb on <DEFAULT> port <DEFAULT> with options connect_timeout=14 & client_encoding=latin1 for user connectuser
[NO_PID]: sqlca: code: 0, state: 00000
[NO_PID]: ecpg_finish: connection main closed
[NO_PID]: sqlca: code: 0, state: 00000
[NO_PID]: ECPGconnect: non-localhost access via sockets on line 59
[NO_PID]: sqlca: code: 0, state: 00000
[NO_PID]: raising sqlcode -402 on line 59: could not connect to database "connectdb" on line 59
[NO_PID]: sqlca: code: -402, state: 08001
[NO_PID]: raising sqlcode -220 on line 60: connection "main" does not exist on line 60
[NO_PID]: sqlca: code: -220, state: 08003
[NO_PID]: ECPGconnect: opening database <DEFAULT> on <DEFAULT> port <DEFAULT>  for user connectdb
[NO_PID]: sqlca: code: 0, state: 00000
[NO_PID]: ecpg_finish: connection main closed
[NO_PID]: sqlca: code: 0, state: 00000
[NO_PID]: ECPGconnect: opening database connectdb on <DEFAULT> port <DEFAULT>  
[NO_PID]: sqlca: code: 0, state: 00000
[NO_PID]: ECPGconnect: connection identifier main is already in use
[NO_PID]: sqlca: code: 0, state: 00000
[NO_PID]: ecpg_finish: connection main closed
[NO_PID]: sqlca: code: 0, state: 00000
[NO_PID]: raising sqlcode -220 on line 71: connection "nonexistant" does not exist on line 71
[NO_PID]: sqlca: code: -220, state: 08003
