-- First use big windows to verify that we get the same results as identical queries without sliding windows
-- rank
CREATE CONTINUOUS VIEW test_sw_rank0 AS SELECT rank(7, 47, '47') WITHIN GROUP (ORDER BY x::integer, y::integer, z::text) FROM test_sw_hs_stream WHERE (arrival_timestamp > clock_timestamp() - interval '1 hour');
CREATE CONTINUOUS VIEW test_sw_rank1 AS SELECT g::integer, rank(5, 5) WITHIN GROUP (ORDER BY g, x::integer) FROM test_sw_hs_stream WHERE (arrival_timestamp > clock_timestamp() - interval '1 hour') GROUP BY g;
CREATE CONTINUOUS VIEW test_sw_rank2 AS SELECT g::integer, rank(-10, 10) WITHIN GROUP (ORDER BY g, x::integer DESC) FROM test_sw_hs_stream WHERE (arrival_timestamp > clock_timestamp() - interval '1 hour') GROUP BY g;
CREATE CONTINUOUS VIEW test_sw_rank3 AS SELECT g::integer, rank(2, 1000, 1000, '1000') WITHIN GROUP (ORDER BY g, x::integer, y::integer, z::text) + rank(1000000) WITHIN GROUP (ORDER BY x) AS rank_sum FROM test_sw_hs_stream WHERE (arrival_timestamp > clock_timestamp() - interval '1 hour') GROUP BY g;
-- percent_rank
CREATE CONTINUOUS VIEW test_sw_percent0 AS SELECT percent_rank(2) WITHIN GROUP (ORDER BY x::integer) FROM test_sw_hs_stream WHERE (arrival_timestamp > clock_timestamp() - interval '1 hour');
CREATE CONTINUOUS VIEW test_sw_percent1 AS SELECT g::integer, percent_rank('7') WITHIN GROUP (ORDER BY z::text) AS p0, percent_rank('00') WITHIN GROUP (ORDER BY z) AS p1 FROM test_sw_hs_stream  WHERE (arrival_timestamp > clock_timestamp() - interval '1 hour') GROUP BY g;
CREATE CONTINUOUS VIEW test_sw_percent2 AS SELECT percent_rank(27, -27, '27') WITHIN GROUP (ORDER BY x::integer, y::integer, z::text) FROM test_sw_hs_stream WHERE (arrival_timestamp > clock_timestamp() - interval '1 hour');
CREATE CONTINUOUS VIEW test_sw_percent3 AS SELECT percent_rank(10.1, 10.2) WITHIN GROUP (ORDER BY x::float8, y::float8) FROM test_sw_hs_stream WHERE (arrival_timestamp > clock_timestamp() - interval '1 hour');
-- cume_dist
CREATE CONTINUOUS VIEW test_sw_cume_dist0 AS SELECT cume_dist(-2 * 6) WITHIN GROUP (ORDER BY x::integer DESC) FROM test_sw_hs_stream WHERE (arrival_timestamp > clock_timestamp() - interval '1 hour');
CREATE CONTINUOUS VIEW test_sw_cume_dist1 AS SELECT g::integer, cume_dist(10, -10) WITHIN GROUP (ORDER BY g, x::integer) AS c0, cume_dist(2, -2) WITHIN GROUP (ORDER BY g, x) AS c1 FROM test_sw_hs_stream WHERE (arrival_timestamp > clock_timestamp() - interval '1 hour') GROUP BY g;
CREATE CONTINUOUS VIEW test_sw_cume_dist2 AS SELECT cume_dist(50, -50, '50') WITHIN GROUP (ORDER BY x::integer, y::integer, z::text) FROM test_sw_hs_stream WHERE (arrival_timestamp > clock_timestamp() - interval '1 hour');
CREATE CONTINUOUS VIEW test_sw_cume_dist3 AS SELECT cume_dist(10.1, 10.2) WITHIN GROUP (ORDER BY x::float8, y::float8) FROM test_sw_hs_stream WHERE (arrival_timestamp > clock_timestamp() - interval '1 hour');
-- dense_rank
CREATE CONTINUOUS VIEW test_sw_dense_rank0 AS SELECT dense_rank(10) WITHIN GROUP (ORDER BY x::integer), rank(10) WITHIN GROUP (ORDER BY x) FROM test_sw_hs_stream WHERE (arrival_timestamp > clock_timestamp() - interval '1 hour');
CREATE CONTINUOUS VIEW test_sw_dense_rank1 AS SELECT dense_rank(substring('30', 1, 2)) WITHIN GROUP (ORDER BY z::text) FROM test_sw_hs_stream WHERE (arrival_timestamp > clock_timestamp() - interval '1 hour');
CREATE CONTINUOUS VIEW test_sw_dense_rank2 AS SELECT dense_rank(30, -30, '30') WITHIN GROUP (ORDER BY x::integer, y::integer, z::text), rank(30, -30, '30') WITHIN GROUP (ORDER BY x::integer, y::integer, z::text) FROM test_sw_hs_stream WHERE (arrival_timestamp > clock_timestamp() - interval '1 hour');
INSERT INTO test_sw_hs_stream (g, x, y, z) VALUES (7, 27, -27, '27'), (2, 32, -32, '32'), (4, 4, -4, '4'), (6, 26, -26, '26'), (1, 11, -11, '11'), (0, 60, -60, '60'), (2, 82, -82, '82'), (0, 40, -40, '40'), (9, 19, -19, '19'), (7, 77, -77, '77'), (8, 18, -18, '18'), (9, 99, -99, '99'), (5, 85, -85, '85'), (8, 98, -98, '98'), (7, 57, -57, '57'), (5, 65, -65, '65'), (3, 43, -43, '43'), (0, 0, 0, '0'), (8, 38, -38, '38'), (6, 36, -36, '36'), (3, 83, -83, '83'), (7, 97, -97, '97'), (6, 86, -86, '86'), (9, 29, -29, '29'), (9, 79, -79, '79'), (4, 24, -24, '24'), (6, 46, -46, '46'), (1, 51, -51, '51'), (5, 45, -45, '45'), (0, 30, -30, '30'), (1, 61, -61, '61'), (7, 87, -87, '87'), (5, 5, -5, '5'), (4, 54, -54, '54'), (2, 22, -22, '22'), (5, 55, -55, '55'), (3, 13, -13, '13'), (2, 2, -2, '2'), (8, 58, -58, '58'), (2, 72, -72, '72'), (8, 48, -48, '48'), (4, 74, -74, '74'), (6, 16, -16, '16'), (9, 39, -39, '39'), (3, 53, -53, '53'), (8, 78, -78, '78'), (8, 88, -88, '88'), (3, 93, -93, '93'), (0, 50, -50, '50'), (1, 21, -21, '21'), (4, 34, -34, '34'), (1, 71, -71, '71'), (9, 49, -49, '49'), (7, 47, -47, '47'), (6, 56, -56, '56'), (6, 76, -76, '76'), (3, 73, -73, '73'), (0, 10, -10, '10'), (8, 28, -28, '28'), (2, 52, -52, '52'), (8, 8, -8, '8'), (3, 33, -33, '33'), (1, 41, -41, '41'), (0, 90, -90, '90'), (4, 94, -94, '94'), (4, 64, -64, '64'), (3, 23, -23, '23'), (0, 20, -20, '20'), (9, 69, -69, '69'), (6, 66, -66, '66'), (5, 95, -95, '95'), (6, 6, -6, '6'), (7, 37, -37, '37'), (5, 15, -15, '15'), (4, 84, -84, '84'), (3, 63, -63, '63'), (1, 31, -31, '31'), (2, 62, -62, '62'), (0, 80, -80, '80'), (5, 25, -25, '25'), (3, 3, -3, '3'), (9, 89, -89, '89'), (2, 42, -42, '42'), (8, 68, -68, '68'), (2, 12, -12, '12'), (1, 81, -81, '81'), (4, 14, -14, '14'), (0, 70, -70, '70'), (7, 67, -67, '67'), (2, 92, -92, '92'), (5, 75, -75, '75'), (7, 17, -17, '17'), (7, 7, -7, '7'), (1, 91, -91, '91'), (5, 35, -35, '35'), (9, 59, -59, '59'), (9, 9, -9, '9'), (1, 1, -1, '1'), (6, 96, -96, '96'), (4, 44, -44, '44');
INSERT INTO test_sw_hs_stream (g, x, y, z) VALUES (5, 5, -5, '5');
INSERT INTO test_sw_hs_stream (g, x, y, z) VALUES (5, 15, -15, '15');
INSERT INTO test_sw_hs_stream (g, x, y, z) VALUES (6, 6, -6, '6');
INSERT INTO test_sw_hs_stream (g, x, y, z) VALUES (0, 10, -10, '10');
INSERT INTO test_sw_hs_stream (g, x, y, z) VALUES (2, 2, -2, '2');
INSERT INTO test_sw_hs_stream (g, x, y, z) VALUES (4, 4, -4, '4');
INSERT INTO test_sw_hs_stream (g, x, y, z) VALUES (9, 9, -9, '9');
INSERT INTO test_sw_hs_stream (g, x, y, z) VALUES (7, 17, -17, '17');
INSERT INTO test_sw_hs_stream (g, x, y, z) VALUES (3, 3, -3, '3');
INSERT INTO test_sw_hs_stream (g, x, y, z) VALUES (1, 1, -1, '1');
INSERT INTO test_sw_hs_stream (g, x, y, z) VALUES (3, 13, -13, '13');
INSERT INTO test_sw_hs_stream (g, x, y, z) VALUES (8, 18, -18, '18');
INSERT INTO test_sw_hs_stream (g, x, y, z) VALUES (4, 14, -14, '14');
INSERT INTO test_sw_hs_stream (g, x, y, z) VALUES (7, 7, -7, '7');
INSERT INTO test_sw_hs_stream (g, x, y, z) VALUES (0, 0, 0, '0');
INSERT INTO test_sw_hs_stream (g, x, y, z) VALUES (6, 16, -16, '16');
INSERT INTO test_sw_hs_stream (g, x, y, z) VALUES (1, 11, -11, '11');
INSERT INTO test_sw_hs_stream (g, x, y, z) VALUES (8, 8, -8, '8');
INSERT INTO test_sw_hs_stream (g, x, y, z) VALUES (9, 19, -19, '19');
INSERT INTO test_sw_hs_stream (g, x, y, z) VALUES (2, 12, -12, '12');
SELECT * FROM test_sw_rank0 ORDER BY rank;
 rank 
------
   17
(1 row)

SELECT * FROM test_sw_rank1 ORDER BY g;
 g | rank 
---+------
 0 |   13
 1 |   13
 2 |   13
 3 |   13
 4 |   13
 5 |    1
 6 |    1
 7 |    1
 8 |    1
 9 |    1
(10 rows)

SELECT * FROM test_sw_rank2 ORDER BY g;
 g | rank 
---+------
 0 |    1
 1 |    1
 2 |    1
 3 |    1
 4 |    1
 5 |    1
 6 |    1
 7 |    1
 8 |    1
 9 |    1
(10 rows)

SELECT * FROM test_sw_rank3 ORDER BY g;
 g | rank_sum 
---+----------
 0 |       26
 1 |       26
 2 |       26
 3 |       14
 4 |       14
 5 |       14
 6 |       14
 7 |       14
 8 |       14
 9 |       14
(10 rows)

SELECT * FROM test_sw_percent0 ORDER BY percent_rank;
    percent_rank    
--------------------
 0.0333333333333333
(1 row)

SELECT * FROM test_sw_percent1 ORDER BY g;
 g |        p0         |        p1         
---+-------------------+-------------------
 0 |              0.75 | 0.166666666666667
 1 |              0.75 |                 0
 2 |              0.75 |                 0
 3 |              0.75 |                 0
 4 |              0.75 |                 0
 5 |              0.75 |                 0
 6 |              0.75 |                 0
 7 | 0.583333333333333 |                 0
 8 | 0.583333333333333 |                 0
 9 | 0.583333333333333 |                 0
(10 rows)

SELECT * FROM test_sw_percent2 ORDER BY percent_rank;
   percent_rank    
-------------------
 0.391666666666667
(1 row)

SELECT * FROM test_sw_percent3 ORDER BY percent_rank;
   percent_rank    
-------------------
 0.183333333333333
(1 row)

SELECT * FROM test_sw_cume_dist0 ORDER BY cume_dist;
 cume_dist 
-----------
         1
(1 row)

SELECT * FROM test_sw_cume_dist1 ORDER BY g;
 g | c0 |         c1         
---+----+--------------------
 0 |  1 |                  1
 1 |  1 |                  1
 2 |  1 | 0.0769230769230769
 3 |  1 | 0.0769230769230769
 4 |  1 | 0.0769230769230769
 5 |  1 | 0.0769230769230769
 6 |  1 | 0.0769230769230769
 7 |  1 | 0.0769230769230769
 8 |  1 | 0.0769230769230769
 9 |  1 | 0.0769230769230769
(10 rows)

SELECT * FROM test_sw_cume_dist2 ORDER BY cume_dist;
    cume_dist     
------------------
 0.59504132231405
(1 row)

SELECT * FROM test_sw_cume_dist3 ORDER BY cume_dist;
     cume_dist     
-------------------
 0.190082644628099
(1 row)

SELECT * FROM test_sw_dense_rank0;
 dense_rank | rank 
------------+------
         11 |   21
(1 row)

SELECT * FROM test_sw_dense_rank1;
 dense_rank 
------------
         25
(1 row)

SELECT * FROM test_sw_dense_rank2;
 dense_rank | rank 
------------+------
         31 |   51
(1 row)

-- Now use a small window to verify that sliding window results change over time
CREATE CONTINUOUS VIEW test_sw_hs_change AS SELECT
rank(5, -5) WITHIN GROUP (ORDER BY x::integer, y::integer),
dense_rank(5, -5) WITHIN GROUP (ORDER BY x, y),
percent_rank(10, -10) WITHIN GROUP (ORDER BY x, y),
cume_dist(15, -15) WITHIN GROUP (ORDER BY x, y) FROM test_sw_hs_stream WHERE (arrival_timestamp > clock_timestamp() - interval '60 second');
INSERT INTO test_sw_hs_stream (g, x, y, z) VALUES (0, 0, 0, '0');
INSERT INTO test_sw_hs_stream (g, x, y, z) VALUES (1, 1, -1, '1');
INSERT INTO test_sw_hs_stream (g, x, y, z) VALUES (2, 2, -2, '2');
INSERT INTO test_sw_hs_stream (g, x, y, z) VALUES (3, 3, -3, '3');
INSERT INTO test_sw_hs_stream (g, x, y, z) VALUES (4, 4, -4, '4');
INSERT INTO test_sw_hs_stream (g, x, y, z) VALUES (5, 5, -5, '5');
INSERT INTO test_sw_hs_stream (g, x, y, z) VALUES (6, 6, -6, '6');
INSERT INTO test_sw_hs_stream (g, x, y, z) VALUES (7, 7, -7, '7');
INSERT INTO test_sw_hs_stream (g, x, y, z) VALUES (8, 8, -8, '8');
INSERT INTO test_sw_hs_stream (g, x, y, z) VALUES (9, 9, -9, '9');
INSERT INTO test_sw_hs_stream (g, x, y, z) VALUES (0, 10, -10, '10');
INSERT INTO test_sw_hs_stream (g, x, y, z) VALUES (1, 11, -11, '11');
INSERT INTO test_sw_hs_stream (g, x, y, z) VALUES (2, 12, -12, '12');
INSERT INTO test_sw_hs_stream (g, x, y, z) VALUES (3, 13, -13, '13');
INSERT INTO test_sw_hs_stream (g, x, y, z) VALUES (4, 14, -14, '14');
INSERT INTO test_sw_hs_stream (g, x, y, z) VALUES (5, 15, -15, '15');
INSERT INTO test_sw_hs_stream (g, x, y, z) VALUES (6, 16, -16, '16');
INSERT INTO test_sw_hs_stream (g, x, y, z) VALUES (7, 17, -17, '17');
INSERT INTO test_sw_hs_stream (g, x, y, z) VALUES (8, 18, -18, '18');
INSERT INTO test_sw_hs_stream (g, x, y, z) VALUES (9, 19, -19, '19');
SELECT * FROM test_sw_hs_change ORDER BY rank;
 rank | dense_rank | percent_rank |    cume_dist     
------+------------+--------------+------------------
    6 |          6 |          0.5 | 0.80952380952381
(1 row)

SELECT pg_sleep(1);
 pg_sleep 
----------
 
(1 row)

INSERT INTO test_sw_hs_stream (g, x, y, z) VALUES (0, 0, 0, '0');
INSERT INTO test_sw_hs_stream (g, x, y, z) VALUES (1, 1, -1, '1');
INSERT INTO test_sw_hs_stream (g, x, y, z) VALUES (2, 2, -2, '2');
INSERT INTO test_sw_hs_stream (g, x, y, z) VALUES (3, 3, -3, '3');
INSERT INTO test_sw_hs_stream (g, x, y, z) VALUES (4, 4, -4, '4');
INSERT INTO test_sw_hs_stream (g, x, y, z) VALUES (5, 5, -5, '5');
INSERT INTO test_sw_hs_stream (g, x, y, z) VALUES (6, 6, -6, '6');
INSERT INTO test_sw_hs_stream (g, x, y, z) VALUES (7, 7, -7, '7');
INSERT INTO test_sw_hs_stream (g, x, y, z) VALUES (8, 8, -8, '8');
INSERT INTO test_sw_hs_stream (g, x, y, z) VALUES (9, 9, -9, '9');
INSERT INTO test_sw_hs_stream (g, x, y, z) VALUES (0, 10, -10, '10');
INSERT INTO test_sw_hs_stream (g, x, y, z) VALUES (1, 11, -11, '11');
INSERT INTO test_sw_hs_stream (g, x, y, z) VALUES (2, 12, -12, '12');
INSERT INTO test_sw_hs_stream (g, x, y, z) VALUES (3, 13, -13, '13');
INSERT INTO test_sw_hs_stream (g, x, y, z) VALUES (4, 14, -14, '14');
INSERT INTO test_sw_hs_stream (g, x, y, z) VALUES (5, 15, -15, '15');
INSERT INTO test_sw_hs_stream (g, x, y, z) VALUES (6, 16, -16, '16');
INSERT INTO test_sw_hs_stream (g, x, y, z) VALUES (7, 17, -17, '17');
INSERT INTO test_sw_hs_stream (g, x, y, z) VALUES (8, 18, -18, '18');
INSERT INTO test_sw_hs_stream (g, x, y, z) VALUES (9, 19, -19, '19');
SELECT * FROM test_sw_hs_change ORDER BY rank;
 rank | dense_rank | percent_rank |     cume_dist     
------+------------+--------------+-------------------
   11 |          6 |          0.5 | 0.804878048780488
(1 row)

DROP CONTINUOUS VIEW test_sw_rank0;
DROP CONTINUOUS VIEW test_sw_rank1;
DROP CONTINUOUS VIEW test_sw_rank2;
DROP CONTINUOUS VIEW test_sw_rank3;
DROP CONTINUOUS VIEW test_sw_percent0;
DROP CONTINUOUS VIEW test_sw_percent1;
DROP CONTINUOUS VIEW test_sw_percent2;
DROP CONTINUOUS VIEW test_sw_percent3;
DROP CONTINUOUS VIEW test_sw_cume_dist0;
DROP CONTINUOUS VIEW test_sw_cume_dist1;
DROP CONTINUOUS VIEW test_sw_cume_dist2;
DROP CONTINUOUS VIEW test_sw_cume_dist3;
DROP CONTINUOUS VIEW test_sw_dense_rank0;
DROP CONTINUOUS VIEW test_sw_dense_rank1;
DROP CONTINUOUS VIEW test_sw_dense_rank2;
DROP CONTINUOUS VIEW test_sw_hs_change;
