CREATE CONTINUOUS VIEW test_count AS SELECT k::text, COUNT(*) FROM cqswcount_stream WHERE arrival_timestamp > clock_timestamp() - interval '60 second' GROUP BY k;
INSERT INTO cqswcount_stream (k) VALUES ('x'), ('x'), ('x'), ('x'), ('x'), ('x');
INSERT INTO cqswcount_stream (k) VALUES ('x'), ('x'), ('x'), ('x'), ('x'), ('x'), ('y'), ('y'), ('y'), ('y'), ('y'), ('y');
SELECT * FROM test_count ORDER BY k;
 k | count 
---+-------
 x |    12
 y |     6
(2 rows)

SELECT pg_sleep(1);
 pg_sleep 
----------
 
(1 row)

INSERT INTO cqswcount_stream (k) VALUES ('x'), ('x'), ('x'), ('x'), ('x'), ('x');
INSERT INTO cqswcount_stream (k) VALUES ('x'), ('x'), ('x'), ('x'), ('x'), ('x'), ('y'), ('y'), ('y'), ('y'), ('y'), ('y');
SELECT * FROM test_count ORDER BY k;
 k | count 
---+-------
 x |    24
 y |    12
(2 rows)

DROP CONTINUOUS VIEW test_count;
-- Truncate the timestamp to second so that we don't create 6 second buckets (step_factor = 10)
CREATE CONTINUOUS VIEW sw_count0 AS SELECT COUNT(*) FROM cqswcount_stream WHERE second(arrival_timestamp) > clock_timestamp() - interval '60 second';
CREATE VIEW sw_count1 AS SELECT combine(count) FROM sw_count0_mrel0 WHERE arrival_timestamp > clock_timestamp() - interval '5 second';
INSERT INTO cqswcount_stream (k) VALUES ('x'), ('x');
SELECT * FROM sw_count0;
 count 
-------
     2
(1 row)

SELECT * FROM sw_count1;
 combine 
---------
       2
(1 row)

SELECT pg_sleep(6);
 pg_sleep 
----------
 
(1 row)

SELECT * FROM sw_count0;
 count 
-------
     2
(1 row)

SELECT * FROM sw_count1;
 combine 
---------
       0
(1 row)

