SET debug_sync_stream_insert = 'on';
-- bit_and, bit_or
CREATE CONTINUOUS VIEW test_sw_bit_and AS SELECT k::text, bit_and(b::bit) FROM bit_test_sw_sw_stream GROUP BY k;
CREATE CONTINUOUS VIEW test_sw_bit_or AS SELECT k::text, bit_or(b::bit) FROM bit_test_sw_sw_stream WHERE arrival_timestamp > clock_timestamp() - interval '1 hour'  GROUP BY k;
ACTIVATE test_sw_bit_and, test_sw_bit_or;
INSERT INTO bit_test_sw_sw_stream (k, b) VALUES ('x', 1), ('x', '1'), ('x', 1), ('x', 1), ('x', 1), ('x', 1), ('x', 1);
INSERT INTO bit_test_sw_sw_stream (k, b) VALUES ('y', 0), ('y', 1), ('y', 0), ('x', 1), ('x', 1), ('x', 1), ('x', 1);
DEACTIVATE test_sw_bit_and, test_sw_bit_or;
SELECT * FROM test_sw_bit_and ORDER BY k DESC;
 k | bit_and 
---+---------
 y | 0
 x | 1
(2 rows)

SELECT * FROM test_sw_bit_or ORDER BY k DESC;
 k | bit_or 
---+--------
 y | 1
 x | 1
(2 rows)

ACTIVATE test_sw_bit_and, test_sw_bit_or;
INSERT INTO bit_test_sw_sw_stream (k, b) VALUES ('x', 1), ('x', 0);
INSERT INTO bit_test_sw_sw_stream (k, b) VALUES ('y', 0);
DEACTIVATE test_sw_bit_and, test_sw_bit_or;
SELECT * FROM test_sw_bit_and ORDER BY k DESC;
 k | bit_and 
---+---------
 y | 0
 x | 0
(2 rows)

SELECT * FROM test_sw_bit_or ORDER BY k DESC;
 k | bit_or 
---+--------
 y | 1
 x | 1
(2 rows)

-- bool_and, bool_or, every
CREATE CONTINUOUS VIEW test_sw_bool_and AS SELECT k::text, bool_and(b::boolean) FROM bool_test_sw_sw_stream WHERE arrival_timestamp > clock_timestamp() - interval '1 hour'  GROUP BY k;
CREATE CONTINUOUS VIEW test_sw_bool_or AS SELECT k::text, bool_or(b::boolean) FROM bool_test_sw_sw_stream WHERE arrival_timestamp > clock_timestamp() - interval '1 hour'  GROUP BY k;
CREATE CONTINUOUS VIEW test_sw_every AS SELECT k::text, every(b::boolean) FROM bool_test_sw_sw_stream WHERE arrival_timestamp > clock_timestamp() - interval '1 hour'  GROUP BY k;
ACTIVATE test_sw_bool_and, test_sw_bool_or, test_sw_every;
INSERT INTO bool_test_sw_sw_stream (k, b) VALUES ('x', 't'), ('x', 't'), ('x', true), ('x', 't'), ('x', 't'), ('x', true), ('x', true);
INSERT INTO bool_test_sw_sw_stream (k, b) VALUES ('y', false), ('y', 'f'), ('y', 'f'), ('x', false), ('x', true), ('x', true), ('x', 't');
DEACTIVATE test_sw_bool_and, test_sw_bool_or, test_sw_every;
SELECT * FROM test_sw_bool_and ORDER BY k DESC;
 k | bool_and 
---+----------
 y | f
 x | f
(2 rows)

SELECT * FROM test_sw_bool_or ORDER BY k DESC;
 k | bool_or 
---+---------
 y | f
 x | t
(2 rows)

SELECT * FROM test_sw_every ORDER BY k DESC;
 k | every 
---+-------
 y | f
 x | f
(2 rows)

ACTIVATE test_sw_bool_and, test_sw_bool_or, test_sw_every;
INSERT INTO bool_test_sw_sw_stream (k, b) VALUES ('x', 't'), ('x', 'f');
INSERT INTO bool_test_sw_sw_stream (k, b) VALUES ('y', 'f');
DEACTIVATE test_sw_bool_and, test_sw_bool_or, test_sw_every;
SELECT * FROM test_sw_bool_and ORDER BY k DESC;
 k | bool_and 
---+----------
 y | f
 x | f
(2 rows)

SELECT * FROM test_sw_bool_or ORDER BY k DESC;
 k | bool_or 
---+---------
 y | f
 x | t
(2 rows)

SELECT * FROM test_sw_every ORDER BY k DESC;
 k | every 
---+-------
 y | f
 x | f
(2 rows)

DROP CONTINUOUS VIEW test_sw_bit_and;
DROP CONTINUOUS VIEW test_sw_bit_or;
DROP CONTINUOUS VIEW test_sw_bool_and;
DROP CONTINUOUS VIEW test_sw_bool_or;
DROP CONTINUOUS VIEW test_sw_every;
