SET debug_sync_cq = on;
CREATE CONTINUOUS VIEW sync_cq_test1 as select id::integer from stream_sync_cq where id=9099;
ACTIVATE CONTINUOUS VIEW sync_cq_test1;
CREATE CONTINUOUS VIEW sync_cq_test2 as select id::integer from stream_sync_cq where id=9099;
ACTIVATE CONTINUOUS VIEW sync_cq_test2;
SELECT name,query FROM pipeline_queries WHERE state='a' and name='sync_cq_test1' ;
     name      |                                             query                                             
---------------+-----------------------------------------------------------------------------------------------
 sync_cq_test1 | CREATE CONTINUOUS VIEW sync_cq_test1 as select id::integer from stream_sync_cq where id=9099;
(1 row)

SELECT name,query FROM pipeline_queries WHERE state='a' and name='sync_cq_test2' ;
     name      |                                             query                                             
---------------+-----------------------------------------------------------------------------------------------
 sync_cq_test2 | CREATE CONTINUOUS VIEW sync_cq_test2 as select id::integer from stream_sync_cq where id=9099;
(1 row)

DEACTIVATE CONTINUOUS VIEW sync_cq_test1;
DEACTIVATE CONTINUOUS VIEW sync_cq_test2;
SELECT name,query FROM pipeline_queries WHERE state='i' and name='sync_cq_test1' ;
     name      |                                             query                                             
---------------+-----------------------------------------------------------------------------------------------
 sync_cq_test1 | CREATE CONTINUOUS VIEW sync_cq_test1 as select id::integer from stream_sync_cq where id=9099;
(1 row)

SELECT name,query FROM pipeline_queries WHERE state='i' and name='sync_cq_test2' ;
     name      |                                             query                                             
---------------+-----------------------------------------------------------------------------------------------
 sync_cq_test2 | CREATE CONTINUOUS VIEW sync_cq_test2 as select id::integer from stream_sync_cq where id=9099;
(1 row)

