CREATE TABLE first_values_t (x int, y int, z int);
CREATE CONTINUOUS VIEW first_values_v AS SELECT x::int, first_values(2) WITHIN GROUP (ORDER BY y::int) FROM first_values_s GROUP BY x;
INSERT INTO first_values_t (x, y, z) VALUES (1, 1, 10), (1, 1, 4), (1, 1, 5);
INSERT INTO first_values_t (x, y, z) VALUES (1, 1, -1), (1, 2, 10), (1, 2, 4);
INSERT INTO first_values_t (x, y, z) VALUES (2, 1, 10), (2, NULL, -1), (2, -1, 2);
INSERT INTO first_values_s (x, y, z) VALUES (1, 1, 10), (1, 1, 4), (1, 1, 5);
INSERT INTO first_values_s (x, y, z) VALUES (1, 1, -1), (1, 2, 10), (1, 2, 4);
INSERT INTO first_values_s (x, y, z) VALUES (2, 1, 10), (2, NULL, -1), (2, -1, 2);
SELECT x, first_values(2) WITHIN GROUP (ORDER BY y) FROM first_values_t GROUP BY x;
 x | first_values 
---+--------------
 1 | {1,1}
 2 | {-1,1}
(2 rows)

SELECT * FROM first_values_v;
 x | first_values 
---+--------------
 1 | {1,1}
 2 | {-1,1}
(2 rows)

INSERT INTO first_values_t (x, y, z) VALUES (2, 1, 10), (1, -1, -10), (2, -10, -2);
INSERT INTO first_values_s (x, y, z) VALUES (2, 1, 10), (1, -1, -10), (2, -10, -2);
SELECT x, first_values(2) WITHIN GROUP (ORDER BY y) FROM first_values_t GROUP BY x;
 x | first_values 
---+--------------
 1 | {-1,1}
 2 | {-10,-1}
(2 rows)

SELECT * FROM first_values_v;
 x | first_values 
---+--------------
 1 | {-1,1}
 2 | {-10,-1}
(2 rows)

SELECT x, first_values(2) WITHIN GROUP (ORDER BY y, z) FROM first_values_t GROUP BY x;
 x |     first_values      
---+-----------------------
 1 | {"(-1,-10)","(1,-1)"}
 2 | {"(-10,-2)","(-1,2)"}
(2 rows)

DROP CONTINUOUS VIEW first_values_v;
DROP TABLE first_values_t;
CREATE CONTINUOUS VIEW first_values_v_order0 AS SELECT x::int % 10 AS g, first_values(2) WITHIN GROUP (ORDER BY x::int, y::int) FROM first_values_s GROUP BY g;
INSERT INTO first_values_s (x, y) SELECT x, x FROM generate_series(500, 1000) AS x;
INSERT INTO first_values_s (x, y) SELECT x, x FROM generate_series(250, 1000) AS x;
INSERT INTO first_values_s (x, y) SELECT x, x FROM generate_series(1, 1000) AS x;
SELECT * FROM first_values_v_order0 ORDER BY g;
 g |     first_values      
---+-----------------------
 0 | {"(10,10)","(20,20)"}
 1 | {"(1,1)","(11,11)"}
 2 | {"(2,2)","(12,12)"}
 3 | {"(3,3)","(13,13)"}
 4 | {"(4,4)","(14,14)"}
 5 | {"(5,5)","(15,15)"}
 6 | {"(6,6)","(16,16)"}
 7 | {"(7,7)","(17,17)"}
 8 | {"(8,8)","(18,18)"}
 9 | {"(9,9)","(19,19)"}
(10 rows)

DROP CONTINUOUS VIEW first_values_v_order0;
CREATE CONTINUOUS VIEW first_values_v_order1 AS
	SELECT first_values(3) WITHIN GROUP (ORDER BY t0::int, t1::int, t2::int) FROM first_values_s;
INSERT INTO first_values_s (t0, t1, t2) SELECT x, x, x FROM generate_series(500, 1000) AS x;
INSERT INTO first_values_s (t0, t1, t2) SELECT x, x, x FROM generate_series(250, 1000) AS x;
INSERT INTO first_values_s (t0, t1, t2) SELECT x, x, x FROM generate_series(1, 1000) AS x;
SELECT * FROM first_values_v_order1;
       first_values        
---------------------------
 {"(1,1)","(2,2)","(3,3)"}
(1 row)

DROP CONTINUOUS VIEW first_values_v_order1;
