SET debug_sync_stream_insert = 'on';
CREATE CONTINUOUS VIEW test_stream_casts0 AS SELECT k::text, SUM(v::float8) AS fsum, SUM(i::int8) AS isum, COUNT(*) FROM stream_casts_stream GROUP BY k;
CREATE CONTINUOUS VIEW test_stream_casts1 AS SELECT k::integer, SUM(v::float4) AS fsum, SUM(i::int4) AS isum, COUNT(*) FROM stream_casts_stream GROUP BY k;
ACTIVATE test_stream_casts0, test_stream_casts1;
INSERT INTO stream_casts_stream (k, v, i) VALUES ('001', 1.224, 1002);
INSERT INTO stream_casts_stream (k, v, i) VALUES ('102', 1e15, -100);
INSERT INTO stream_casts_stream (k, v, i) VALUES ('144', -1e-3, 1);
INSERT INTO stream_casts_stream (k, v, i) VALUES ('042', 42.42, 0), ('42', '42.42', 1), ('144', 1, 2);
DEACTIVATE test_stream_casts0, test_stream_casts1;
SELECT * FROM test_stream_casts0 ORDER BY k;
  k  | fsum  | isum | count 
-----+-------+------+-------
 001 | 1.224 | 1002 |     1
 042 | 42.42 |    0 |     1
 102 | 1e+15 | -100 |     1
 144 | 0.999 |    3 |     2
 42  | 42.42 |    1 |     1
(5 rows)

SELECT * FROM test_stream_casts1 ORDER BY k;
  k  | fsum  | isum | count 
-----+-------+------+-------
   1 | 1.224 | 1002 |     1
  42 | 84.84 |    1 |     2
 102 | 1e+15 | -100 |     1
 144 | 0.999 |    3 |     2
(4 rows)

-- Now just test every possible cast for each base type
CREATE CONTINUOUS VIEW test_int8_to_int2 AS SELECT x::int8 FROM int8_stream;
CREATE CONTINUOUS VIEW test_int8_to_int4 AS SELECT x::int8 FROM int8_stream;
CREATE CONTINUOUS VIEW test_int8_to_float4 AS SELECT x::int8 FROM int8_stream;
CREATE CONTINUOUS VIEW test_int8_to_float8 AS SELECT x::int8 FROM int8_stream;
CREATE CONTINUOUS VIEW test_int8_to_numeric AS SELECT x::int8 FROM int8_stream;
CREATE CONTINUOUS VIEW test_int2_to_int8 AS SELECT x::int2 FROM int2_stream;
CREATE CONTINUOUS VIEW test_int2_to_int4 AS SELECT x::int2 FROM int2_stream;
CREATE CONTINUOUS VIEW test_int2_to_float4 AS SELECT x::int2 FROM int2_stream;
CREATE CONTINUOUS VIEW test_int2_to_float8 AS SELECT x::int2 FROM int2_stream;
CREATE CONTINUOUS VIEW test_int2_to_numeric AS SELECT x::int2 FROM int2_stream;
CREATE CONTINUOUS VIEW test_int4_to_int8 AS SELECT x::int4 FROM int4_stream;
CREATE CONTINUOUS VIEW test_int4_to_int2 AS SELECT x::int4 FROM int4_stream;
CREATE CONTINUOUS VIEW test_int4_to_float4 AS SELECT x::int4 FROM int4_stream;
CREATE CONTINUOUS VIEW test_int4_to_float8 AS SELECT x::int4 FROM int4_stream;
CREATE CONTINUOUS VIEW test_int4_to_numeric AS SELECT x::int4 FROM int4_stream;
CREATE CONTINUOUS VIEW test_float4_to_int8 AS SELECT x::float4 FROM float4_stream;
CREATE CONTINUOUS VIEW test_float4_to_int2 AS SELECT x::float4 FROM float4_stream;
CREATE CONTINUOUS VIEW test_float4_to_int4 AS SELECT x::float4 FROM float4_stream;
CREATE CONTINUOUS VIEW test_float4_to_float8 AS SELECT x::float4 FROM float4_stream;
CREATE CONTINUOUS VIEW test_float4_to_numeric AS SELECT x::float4 FROM float4_stream;
CREATE CONTINUOUS VIEW test_float8_to_int8 AS SELECT x::float8 FROM float8_stream;
CREATE CONTINUOUS VIEW test_float8_to_int2 AS SELECT x::float8 FROM float8_stream;
CREATE CONTINUOUS VIEW test_float8_to_int4 AS SELECT x::float8 FROM float8_stream;
CREATE CONTINUOUS VIEW test_float8_to_float4 AS SELECT x::float8 FROM float8_stream;
CREATE CONTINUOUS VIEW test_float8_to_numeric AS SELECT x::float8 FROM float8_stream;
CREATE CONTINUOUS VIEW test_numeric_to_int8 AS SELECT x::numeric FROM numeric_stream;
ACTIVATE test_int8_to_int2;
ACTIVATE test_int8_to_int4;
ACTIVATE test_int8_to_float4;
ACTIVATE test_int8_to_float8;
ACTIVATE test_int8_to_numeric;
ACTIVATE test_int2_to_int8;
ACTIVATE test_int2_to_int4;
ACTIVATE test_int2_to_float4;
ACTIVATE test_int2_to_float8;
ACTIVATE test_int2_to_numeric;
ACTIVATE test_int4_to_int8;
ACTIVATE test_int4_to_int2;
ACTIVATE test_int4_to_float4;
ACTIVATE test_int4_to_float8;
ACTIVATE test_int4_to_numeric;
ACTIVATE test_float4_to_int8;
ACTIVATE test_float4_to_int2;
ACTIVATE test_float4_to_int4;
ACTIVATE test_float4_to_float8;
ACTIVATE test_float4_to_numeric;
ACTIVATE test_float8_to_int8;
ACTIVATE test_float8_to_int2;
ACTIVATE test_float8_to_int4;
ACTIVATE test_float8_to_float4;
ACTIVATE test_float8_to_numeric;
ACTIVATE test_numeric_to_int8;
INSERT INTO int8_stream (x) VALUES (8);
INSERT INTO int8_stream (x) VALUES (8);
INSERT INTO int8_stream (x) VALUES (8);
INSERT INTO int8_stream (x) VALUES (8);
INSERT INTO int8_stream (x) VALUES (8);
INSERT INTO int2_stream (x) VALUES (2);
INSERT INTO int2_stream (x) VALUES (2);
INSERT INTO int2_stream (x) VALUES (2);
INSERT INTO int2_stream (x) VALUES (2);
INSERT INTO int2_stream (x) VALUES (2);
INSERT INTO int4_stream (x) VALUES (4);
INSERT INTO int4_stream (x) VALUES (4);
INSERT INTO int4_stream (x) VALUES (4);
INSERT INTO int4_stream (x) VALUES (4);
INSERT INTO int4_stream (x) VALUES (4);
INSERT INTO float4_stream (x) VALUES ('1.4');
INSERT INTO float4_stream (x) VALUES ('1.4');
INSERT INTO float4_stream (x) VALUES ('1.4');
INSERT INTO float4_stream (x) VALUES ('1.4');
INSERT INTO float4_stream (x) VALUES ('1.4');
INSERT INTO float8_stream (x) VALUES ('1.8');
INSERT INTO float8_stream (x) VALUES ('1.8');
INSERT INTO float8_stream (x) VALUES ('1.8');
INSERT INTO float8_stream (x) VALUES ('1.8');
INSERT INTO float8_stream (x) VALUES ('1.8');
INSERT INTO numeric_stream (x) VALUES (1.00000001);
INSERT INTO numeric_stream (x) VALUES (1.00000001);
INSERT INTO numeric_stream (x) VALUES (1.00000001);
INSERT INTO numeric_stream (x) VALUES (1.00000001);
INSERT INTO numeric_stream (x) VALUES (1.00000001);
INSERT INTO numeric_stream (x) VALUES (1.00000001);
INSERT INTO int4_stream (x) VALUES (4);
INSERT INTO int8_stream (x) VALUES (8);
INSERT INTO int4_stream (x) VALUES (4);
INSERT INTO int8_stream (x) VALUES (8);
INSERT INTO int2_stream (x) VALUES (2);
INSERT INTO int4_stream (x) VALUES (4);
INSERT INTO int8_stream (x) VALUES (8);
INSERT INTO int2_stream (x) VALUES (2);
INSERT INTO int4_stream (x) VALUES (4);
INSERT INTO int8_stream (x) VALUES (8);
INSERT INTO int2_stream (x) VALUES (2);
INSERT INTO int4_stream (x) VALUES (4);
INSERT INTO int8_stream (x) VALUES (8);
INSERT INTO int2_stream (x) VALUES (2);
INSERT INTO int4_stream (x) VALUES (4);
INSERT INTO int8_stream (x) VALUES (8);
INSERT INTO int2_stream (x) VALUES (2);
INSERT INTO int4_stream (x) VALUES (4);
INSERT INTO int8_stream (x) VALUES (8);
INSERT INTO int2_stream (x) VALUES (2);
INSERT INTO int4_stream (x) VALUES (4);
INSERT INTO int8_stream (x) VALUES (8);
INSERT INTO int2_stream (x) VALUES (2);
INSERT INTO int4_stream (x) VALUES (4);
INSERT INTO int8_stream (x) VALUES (8);
INSERT INTO int2_stream (x) VALUES (2);
INSERT INTO int4_stream (x) VALUES (4);
INSERT INTO int8_stream (x) VALUES (8);
INSERT INTO int2_stream (x) VALUES (2);
INSERT INTO int4_stream (x) VALUES (4);
INSERT INTO int4_stream (x) VALUES (4);
INSERT INTO int4_stream (x) VALUES (4);
INSERT INTO int4_stream (x) VALUES (4);
INSERT INTO int8_stream (x) VALUES (8);
INSERT INTO int4_stream (x) VALUES (4);
DEACTIVATE test_int8_to_int2;
DEACTIVATE test_int8_to_int4;
DEACTIVATE test_int8_to_float4;
DEACTIVATE test_int8_to_float8;
DEACTIVATE test_int8_to_numeric;
DEACTIVATE test_int2_to_int8;
DEACTIVATE test_int2_to_int4;
DEACTIVATE test_int2_to_float4;
DEACTIVATE test_int2_to_float8;
DEACTIVATE test_int2_to_numeric;
DEACTIVATE test_int4_to_int8;
DEACTIVATE test_int4_to_int2;
DEACTIVATE test_int4_to_float4;
DEACTIVATE test_int4_to_float8;
DEACTIVATE test_int4_to_numeric;
DEACTIVATE test_float4_to_int8;
DEACTIVATE test_float4_to_int2;
DEACTIVATE test_float4_to_int4;
DEACTIVATE test_float4_to_float8;
DEACTIVATE test_float4_to_numeric;
DEACTIVATE test_float8_to_int8;
DEACTIVATE test_float8_to_int2;
DEACTIVATE test_float8_to_int4;
DEACTIVATE test_float8_to_float4;
DEACTIVATE test_float8_to_numeric;
DEACTIVATE test_numeric_to_int8;
SELECT x FROM test_int8_to_int2;
 x 
---
 8
 8
 8
 8
 8
 8
 8
 8
 8
 8
 8
 8
 8
 8
 8
 8
(16 rows)

SELECT x FROM test_int8_to_int4;
 x 
---
 8
 8
 8
 8
 8
 8
 8
 8
 8
 8
 8
 8
 8
 8
 8
 8
(16 rows)

SELECT x FROM test_int8_to_float4;
 x 
---
 8
 8
 8
 8
 8
 8
 8
 8
 8
 8
 8
 8
 8
 8
 8
 8
(16 rows)

SELECT x FROM test_int8_to_float8;
 x 
---
 8
 8
 8
 8
 8
 8
 8
 8
 8
 8
 8
 8
 8
 8
 8
 8
(16 rows)

SELECT x FROM test_int8_to_numeric;
 x 
---
 8
 8
 8
 8
 8
 8
 8
 8
 8
 8
 8
 8
 8
 8
 8
 8
(16 rows)

SELECT x FROM test_int2_to_int8;
 x 
---
 2
 2
 2
 2
 2
 2
 2
 2
 2
 2
 2
 2
 2
 2
(14 rows)

SELECT x FROM test_int2_to_int4;
 x 
---
 2
 2
 2
 2
 2
 2
 2
 2
 2
 2
 2
 2
 2
 2
(14 rows)

SELECT x FROM test_int2_to_float4;
 x 
---
 2
 2
 2
 2
 2
 2
 2
 2
 2
 2
 2
 2
 2
 2
(14 rows)

SELECT x FROM test_int2_to_float8;
 x 
---
 2
 2
 2
 2
 2
 2
 2
 2
 2
 2
 2
 2
 2
 2
(14 rows)

SELECT x FROM test_int2_to_numeric;
 x 
---
 2
 2
 2
 2
 2
 2
 2
 2
 2
 2
 2
 2
 2
 2
(14 rows)

SELECT x FROM test_int4_to_int8;
 x 
---
 4
 4
 4
 4
 4
 4
 4
 4
 4
 4
 4
 4
 4
 4
 4
 4
 4
 4
 4
 4
(20 rows)

SELECT x FROM test_int4_to_int2;
 x 
---
 4
 4
 4
 4
 4
 4
 4
 4
 4
 4
 4
 4
 4
 4
 4
 4
 4
 4
 4
 4
(20 rows)

SELECT x FROM test_int4_to_float4;
 x 
---
 4
 4
 4
 4
 4
 4
 4
 4
 4
 4
 4
 4
 4
 4
 4
 4
 4
 4
 4
 4
(20 rows)

SELECT x FROM test_int4_to_float8;
 x 
---
 4
 4
 4
 4
 4
 4
 4
 4
 4
 4
 4
 4
 4
 4
 4
 4
 4
 4
 4
 4
(20 rows)

SELECT x FROM test_int4_to_numeric;
 x 
---
 4
 4
 4
 4
 4
 4
 4
 4
 4
 4
 4
 4
 4
 4
 4
 4
 4
 4
 4
 4
(20 rows)

SELECT x FROM test_float4_to_int8;
  x  
-----
 1.4
 1.4
 1.4
 1.4
 1.4
(5 rows)

SELECT x FROM test_float4_to_int2;
  x  
-----
 1.4
 1.4
 1.4
 1.4
 1.4
(5 rows)

SELECT x FROM test_float4_to_int4;
  x  
-----
 1.4
 1.4
 1.4
 1.4
 1.4
(5 rows)

SELECT x FROM test_float4_to_float8;
  x  
-----
 1.4
 1.4
 1.4
 1.4
 1.4
(5 rows)

SELECT x FROM test_float4_to_numeric;
  x  
-----
 1.4
 1.4
 1.4
 1.4
 1.4
(5 rows)

SELECT x FROM test_float8_to_int8;
  x  
-----
 1.8
 1.8
 1.8
 1.8
 1.8
(5 rows)

SELECT x FROM test_float8_to_int2;
  x  
-----
 1.8
 1.8
 1.8
 1.8
 1.8
(5 rows)

SELECT x FROM test_float8_to_int4;
  x  
-----
 1.8
 1.8
 1.8
 1.8
 1.8
(5 rows)

SELECT x FROM test_float8_to_float4;
  x  
-----
 1.8
 1.8
 1.8
 1.8
 1.8
(5 rows)

SELECT x FROM test_float8_to_numeric;
  x  
-----
 1.8
 1.8
 1.8
 1.8
 1.8
(5 rows)

SELECT x FROM test_numeric_to_int8;
     x      
------------
 1.00000001
 1.00000001
 1.00000001
 1.00000001
 1.00000001
 1.00000001
(6 rows)

DROP CONTINUOUS VIEW test_stream_casts0;
DROP CONTINUOUS VIEW test_stream_casts1;
DROP CONTINUOUS VIEW test_int8_to_int2;
DROP CONTINUOUS VIEW test_int8_to_int4;
DROP CONTINUOUS VIEW test_int8_to_float4;
DROP CONTINUOUS VIEW test_int8_to_float8;
DROP CONTINUOUS VIEW test_int8_to_numeric;
DROP CONTINUOUS VIEW test_int2_to_int8;
DROP CONTINUOUS VIEW test_int2_to_int4;
DROP CONTINUOUS VIEW test_int2_to_float4;
DROP CONTINUOUS VIEW test_int2_to_float8;
DROP CONTINUOUS VIEW test_int2_to_numeric;
DROP CONTINUOUS VIEW test_int4_to_int8;
DROP CONTINUOUS VIEW test_int4_to_int2;
DROP CONTINUOUS VIEW test_int4_to_float4;
DROP CONTINUOUS VIEW test_int4_to_float8;
DROP CONTINUOUS VIEW test_int4_to_numeric;
DROP CONTINUOUS VIEW test_float4_to_int8;
DROP CONTINUOUS VIEW test_float4_to_int2;
DROP CONTINUOUS VIEW test_float4_to_int4;
DROP CONTINUOUS VIEW test_float4_to_float8;
DROP CONTINUOUS VIEW test_float4_to_numeric;
DROP CONTINUOUS VIEW test_float8_to_int8;
DROP CONTINUOUS VIEW test_float8_to_int2;
DROP CONTINUOUS VIEW test_float8_to_int4;
DROP CONTINUOUS VIEW test_float8_to_float4;
DROP CONTINUOUS VIEW test_float8_to_numeric;
DROP CONTINUOUS VIEW test_numeric_to_int8;
